[printmyphotosgrahamstown.photofrog.co.za/index.html]
[backblue.gif]
[fade.gif]
[index.html]
[code.jquery.com/jquery-1.11.1.min.js]
[printmyphotosgrahamstown.photofrog.co.za/ui/bootswatch-3.2.0/js/bootstrap.min.js]
[printmyphotosgrahamstown.photofrog.co.za/style/render.css]
[printmyphotosgrahamstown.photofrog.co.za/ui/bootswatch-3.2.0/css/custom.css]
[use.fontawesome.com/releases/v5.8.1/css/all.css]
[printmyphotosgrahamstown.photofrog.co.za/favourite/index/callback/index.html]
[printmyphotosgrahamstown.photofrog.co.za/event/follow/container/ywn817mw.html]
[printmyphotosgrahamstown.photofrog.co.za/asset/index/container/qwz7kq7j/force/1.html]
[printmyphotosgrahamstown.photofrog.co.za/asset/index/container/lwq1zr5w/force/1.html]
[printmyphotosgrahamstown.photofrog.co.za/asset/index/container/ywn89xmw/force/1.html]
[printmyphotosgrahamstown.photofrog.co.za/asset/index/container/yj9q1lvj/force/1.html]
[printmyphotosgrahamstown.photofrog.co.za/asset/index/container/kj42yznj/force/1.html]
[printmyphotosgrahamstown.photofrog.co.za/asset/index/container/8wmn8r9j/force/1.html]
[printmyphotosgrahamstown.photofrog.co.za/asset/index/container/yjkq7x6j/force/1.html]
[printmyphotosgrahamstown.photofrog.co.za/asset/index/container/ywn858mw/force/1.html]
[printmyphotosgrahamstown.photofrog.co.za/asset/index/container/9w5149lw/force/1.html]
[printmyphotosgrahamstown.photofrog.co.za/info/garauntee.html]
[printmyphotosgrahamstown.photofrog.co.za/event/index/index7c4c.html]
[printmyphotosgrahamstown.photofrog.co.za/event/index/indexbd13.html]
[printmyphotosgrahamstown.photofrog.co.za/images/Photo-Frog-FULLCOLOR1-HORIZONTAL-72dpi-400px.png]
[printmyphotosgrahamstown.photofrog.co.za/images/mc_vs_accpt_h_023_gif.gif]
[printmyphotosgrahamstown.photofrog.co.za/images/money-back-small.jpg]
[printmyphotosgrahamstown.photofrog.co.za/index.html]
[printmyphotosgrahamstown.photofrog.co.za/info/format/index.html]
[printmyphotosgrahamstown.photofrog.co.za/info/terms/index.html]
[www.googletagmanager.com/gtm5445.html]
[printmyphotosgrahamstown.photofrog.co.za/info/payment/index.html]
[printmyphotosgrahamstown.photofrog.co.za/info/delivery/index.html]
[printmyphotosgrahamstown.photofrog.co.za/info/privacy/index.html]
[printmyphotosgrahamstown.photofrog.co.za/info/garauntee/index.html]
[printmyphotosgrahamstown.photofrog.co.za/ui/bootswatch-3.2.0/fonts/glyphicons-halflings-regular.eot]
[printmyphotosgrahamstown.photofrog.co.za/info/testimonials/index.html]
[printmyphotosgrahamstown.photofrog.co.za/ui/bootswatch-3.2.0/fonts/glyphicons-halflings-regulard41d.eot]
[printmyphotosgrahamstown.photofrog.co.za/ui/bootswatch-3.2.0/fonts/glyphicons-halflings-regular.woff]
[printmyphotosgrahamstown.photofrog.co.za/ui/bootswatch-3.2.0/fonts/glyphicons-halflings-regular.ttf]
[printmyphotosgrahamstown.photofrog.co.za/style/render.css]
[printmyphotosgrahamstown.photofrog.co.za/ui/bootswatch-3.2.0/css/custom.css]
[use.fontawesome.com/releases/v5.8.1/css/all.css]
[printmyphotosgrahamstown.photofrog.co.za/js/colorbox/jquery.colorbox-min.js]
[printmyphotosgrahamstown.photofrog.co.za/js/colorbox/colorbox.css]
[printmyphotosgrahamstown.photofrog.co.za/event/index.html]
[printmyphotosgrahamstown.photofrog.co.za/favourite/index/callback/index.html]
[printmyphotosgrahamstown.photofrog.co.za/favourite/index/callback/ZXZlbnQvZm9sbG93L2NvbnRhaW5lci95d244MTdtdw==.html]
[printmyphotosgrahamstown.photofrog.co.za/event/follow/container/ywn817mw.html]
[printmyphotosgrahamstown.photofrog.co.za/js/photofrog/favourite.js]
[printmyphotosgrahamstown.photofrog.co.za/js/photofrog/asset.js]
[printmyphotosgrahamstown.photofrog.co.za/favourite/index/callback/YXNzZXQvaW5kZXgvY29udGFpbmVyL3F3ejdrcTdqL2ZvcmNlLzE=.html]
[printmyphotosgrahamstown.photofrog.co.za/asset/index/container/qwz7kq7j/force/14658.html]
[printmyphotosgrahamstown.photofrog.co.za/asset/index/container/qwz7kq7j/force/19ba9.html]
[printmyphotosgrahamstown.photofrog.co.za/asset/index/container/qwz7kq7j/force/1fdb0.html]
[printmyphotosgrahamstown.photofrog.co.za/asset/index/container/qwz7kq7j/force/1af4d.html]
[printmyphotosgrahamstown.photofrog.co.za/asset/index/container/qwz7kq7j/force/1c575.html]
[printmyphotosgrahamstown.photofrog.co.za/asset/index/container/qwz7kq7j/force/1235c.html]
[printmyphotosgrahamstown.photofrog.co.za/asset/index/container/qwz7kq7j/force/1.html]
[printmyphotosgrahamstown.photofrog.co.za/asset/index/container/qwz7kq7j/force/1fdfa.html]
[printmyphotosgrahamstown.photofrog.co.za/favourite/index/callback/YXNzZXQvaW5kZXgvY29udGFpbmVyL2x3cTF6cjV3L2ZvcmNlLzE=.html]
[printmyphotosgrahamstown.photofrog.co.za/asset/index/container/lwq1zr5w/force/14658.html]
[printmyphotosgrahamstown.photofrog.co.za/asset/index/container/lwq1zr5w/force/1.html]
[printmyphotosgrahamstown.photofrog.co.za/asset/index/container/ywn89xmw/force/1.html]
[printmyphotosgrahamstown.photofrog.co.za/asset/index/container/yj9q1lvj/force/1.html]
[printmyphotosgrahamstown.photofrog.co.za/asset/index/container/kj42yznj/force/1.html]
[printmyphotosgrahamstown.photofrog.co.za/favourite/index/callback/YXNzZXQvaW5kZXgvY29udGFpbmVyLzh3bW44cjlqL2ZvcmNlLzE=.html]
[printmyphotosgrahamstown.photofrog.co.za/asset/index/container/8wmn8r9j/force/14658.html]
[printmyphotosgrahamstown.photofrog.co.za/asset/index/container/8wmn8r9j/force/19ba9.html]
[printmyphotosgrahamstown.photofrog.co.za/asset/index/container/8wmn8r9j/force/1.html]
[printmyphotosgrahamstown.photofrog.co.za/favourite/index/callback/YXNzZXQvaW5kZXgvY29udGFpbmVyL3lqa3E3eDZqL2ZvcmNlLzE=.html]
[printmyphotosgrahamstown.photofrog.co.za/asset/index/container/yjkq7x6j/force/1.html]
[printmyphotosgrahamstown.photofrog.co.za/favourite/index/callback/YXNzZXQvaW5kZXgvY29udGFpbmVyL3l3bjg1OG13L2ZvcmNlLzE=.html]
[printmyphotosgrahamstown.photofrog.co.za/asset/index/container/ywn858mw/force/1.html]
[printmyphotosgrahamstown.photofrog.co.za/asset/index/container/9w5149lw/force/1.html]
[printmyphotosgrahamstown.photofrog.co.za/event/index/index7c4c.html]
[printmyphotosgrahamstown.photofrog.co.za/info/garauntee.html]
[printmyphotosgrahamstown.photofrog.co.za/event/index/indexbd13.html]
[printmyphotosgrahamstown.photofrog.co.za/status/limit/v60.html]
[printmyphotosgrahamstown.photofrog.co.za/info/format/index.html]
[printmyphotosgrahamstown.photofrog.co.za/info/payment/index.html]
[printmyphotosgrahamstown.photofrog.co.za/info/delivery/index.html]
[printmyphotosgrahamstown.photofrog.co.za/info/terms/index.html]
[printmyphotosgrahamstown.photofrog.co.za/info/privacy/index.html]
[printmyphotosgrahamstown.photofrog.co.za/info/testimonials/index.html]
[printmyphotosgrahamstown.photofrog.co.za/info/garauntee/index.html]
[printmyphotosgrahamstown.photofrog.co.za/ui/bootswatch-3.2.0/fonts/glyphicons-halflings-regular.svg]
[printmyphotosgrahamstown.photofrog.co.za/js/colorbox/colorbox.css]
[printmyphotosgrahamstown.photofrog.co.za/event/index.html]
[printmyphotosgrahamstown.photofrog.co.za/favourite/index/callback/ZXZlbnQvZm9sbG93L2NvbnRhaW5lci95d244MTdtdw==.html]
[printmyphotosgrahamstown.photofrog.co.za/favourite/index/callback/YXNzZXQvaW5kZXgvY29udGFpbmVyL3F3ejdrcTdqL2ZvcmNlLzE=.html]
[printmyphotosgrahamstown.photofrog.co.za/favourite/remove/index5f87.html]
[printmyphotosgrahamstown.photofrog.co.za/favourite/remove/indexbe59.html]
[printmyphotosgrahamstown.photofrog.co.za/favourite/remove/indexfbd5.html]
[printmyphotosgrahamstown.photofrog.co.za/favourite/remove/index4cbb.html]
[printmyphotosgrahamstown.photofrog.co.za/favourite/remove/index719e.html]
[printmyphotosgrahamstown.photofrog.co.za/favourite/remove/indexe334.html]
[printmyphotosgrahamstown.photofrog.co.za/favourite/remove/indexbfed.html]
[printmyphotosgrahamstown.photofrog.co.za/favourite/remove/index774c.html]
[printmyphotosgrahamstown.photofrog.co.za/favourite/remove/index358c.html]
[printmyphotosgrahamstown.photofrog.co.za/favourite/remove/index6b80.html]
[printmyphotosgrahamstown.photofrog.co.za/favourite/remove/index13f1.html]
[printmyphotosgrahamstown.photofrog.co.za/favourite/remove/index7041.html]
[printmyphotosgrahamstown.photofrog.co.za/favourite/remove/indexa0a2.html]
[printmyphotosgrahamstown.photofrog.co.za/favourite/remove/index67e4.html]
[printmyphotosgrahamstown.photofrog.co.za/favourite/remove/indexe8e9.html]
[printmyphotosgrahamstown.photofrog.co.za/favourite/remove/indexa648.html]
[printmyphotosgrahamstown.photofrog.co.za/favourite/remove/index3c62.html]
[printmyphotosgrahamstown.photofrog.co.za/favourite/remove/index5f75.html]
[printmyphotosgrahamstown.photofrog.co.za/favourite/remove/index2b49.html]
[printmyphotosgrahamstown.photofrog.co.za/favourite/remove/index589c.html]
[printmyphotosgrahamstown.photofrog.co.za/favourite/remove/indexdb0a.html]
[printmyphotosgrahamstown.photofrog.co.za/favourite/remove/indexc0c9.html]
[printmyphotosgrahamstown.photofrog.co.za/favourite/remove/index8cef.html]
[printmyphotosgrahamstown.photofrog.co.za/favourite/remove/indexb6de.html]
[printmyphotosgrahamstown.photofrog.co.za/favourite/remove/indexeccf.html]
[printmyphotosgrahamstown.photofrog.co.za/favourite/remove/index5df2.html]
[printmyphotosgrahamstown.photofrog.co.za/favourite/remove/index86a3.html]
[printmyphotosgrahamstown.photofrog.co.za/favourite/remove/indexc63b.html]
[printmyphotosgrahamstown.photofrog.co.za/favourite/remove/index914c.html]
[printmyphotosgrahamstown.photofrog.co.za/favourite/remove/indexa736.html]
[printmyphotosgrahamstown.photofrog.co.za/favourite/remove/index783d.html]
[printmyphotosgrahamstown.photofrog.co.za/favourite/remove/index7583.html]
[printmyphotosgrahamstown.photofrog.co.za/favourite/remove/index7a26.html]
[printmyphotosgrahamstown.photofrog.co.za/favourite/remove/indexcb8e.html]
[printmyphotosgrahamstown.photofrog.co.za/favourite/remove/index0a80.html]
[printmyphotosgrahamstown.photofrog.co.za/favourite/remove/index12db.html]
[printmyphotosgrahamstown.photofrog.co.za/favourite/remove/index9392.html]
[printmyphotosgrahamstown.photofrog.co.za/favourite/remove/indexe8cb.html]
[printmyphotosgrahamstown.photofrog.co.za/favourite/remove/indexaf07.html]
[printmyphotosgrahamstown.photofrog.co.za/favourite/remove/indexd53c.html]
[printmyphotosgrahamstown.photofrog.co.za/favourite/remove/index70ba.html]
[printmyphotosgrahamstown.photofrog.co.za/favourite/remove/index61fe.html]
[printmyphotosgrahamstown.photofrog.co.za/favourite/remove/index3d3d.html]
[printmyphotosgrahamstown.photofrog.co.za/favourite/remove/index49d3.html]
[printmyphotosgrahamstown.photofrog.co.za/favourite/remove/index836c.html]
[printmyphotosgrahamstown.photofrog.co.za/favourite/remove/index41dd.html]
[printmyphotosgrahamstown.photofrog.co.za/favourite/remove/indexf721.html]
[printmyphotosgrahamstown.photofrog.co.za/favourite/remove/index675d.html]
[printmyphotosgrahamstown.photofrog.co.za/asset/index/container/qwz7kq7j/force/14658.html]
[printmyphotosgrahamstown.photofrog.co.za/asset/index/container/qwz7kq7j/force/19ba9.html]
[printmyphotosgrahamstown.photofrog.co.za/asset/index/container/qwz7kq7j/force/1fdb0.html]
[printmyphotosgrahamstown.photofrog.co.za/asset/index/container/qwz7kq7j/force/1af4d.html]
[printmyphotosgrahamstown.photofrog.co.za/asset/index/container/qwz7kq7j/force/1c575.html]
[printmyphotosgrahamstown.photofrog.co.za/asset/index/container/qwz7kq7j/force/1235c.html]
[printmyphotosgrahamstown.photofrog.co.za/asset/index/container/qwz7kq7j/force/1fdfa.html]
[printmyphotosgrahamstown.photofrog.co.za/favourite/index/callback/YXNzZXQvaW5kZXgvY29udGFpbmVyL2x3cTF6cjV3L2ZvcmNlLzE=.html]
[printmyphotosgrahamstown.photofrog.co.za/favourite/remove/indexca4f.html]
[printmyphotosgrahamstown.photofrog.co.za/favourite/remove/indexff50.html]
[printmyphotosgrahamstown.photofrog.co.za/favourite/remove/index392f.html]
[printmyphotosgrahamstown.photofrog.co.za/favourite/remove/index385f.html]
[printmyphotosgrahamstown.photofrog.co.za/favourite/remove/indexa398.html]
[printmyphotosgrahamstown.photofrog.co.za/favourite/remove/indexb513.html]
[printmyphotosgrahamstown.photofrog.co.za/favourite/remove/index4cc6.html]
[printmyphotosgrahamstown.photofrog.co.za/favourite/remove/index7083.html]
[printmyphotosgrahamstown.photofrog.co.za/favourite/remove/index24ed.html]
[printmyphotosgrahamstown.photofrog.co.za/favourite/remove/indexe428.html]
[printmyphotosgrahamstown.photofrog.co.za/favourite/remove/index4158.html]
[printmyphotosgrahamstown.photofrog.co.za/favourite/remove/index71f5.html]
[printmyphotosgrahamstown.photofrog.co.za/favourite/remove/indexfbc6.html]
[printmyphotosgrahamstown.photofrog.co.za/favourite/remove/index8081.html]
[printmyphotosgrahamstown.photofrog.co.za/favourite/remove/index8e80.html]
[printmyphotosgrahamstown.photofrog.co.za/favourite/remove/index9960.html]
[printmyphotosgrahamstown.photofrog.co.za/favourite/remove/indexd2e2.html]
[printmyphotosgrahamstown.photofrog.co.za/favourite/remove/index8fa2.html]
[printmyphotosgrahamstown.photofrog.co.za/favourite/remove/index2dba.html]
[printmyphotosgrahamstown.photofrog.co.za/favourite/remove/indexd83f.html]
[printmyphotosgrahamstown.photofrog.co.za/favourite/remove/indexfdcd.html]
[printmyphotosgrahamstown.photofrog.co.za/favourite/remove/index9485.html]
[printmyphotosgrahamstown.photofrog.co.za/favourite/remove/index6df1.html]
[printmyphotosgrahamstown.photofrog.co.za/favourite/remove/indexf0b8.html]
[printmyphotosgrahamstown.photofrog.co.za/favourite/remove/indexc9b2.html]
[printmyphotosgrahamstown.photofrog.co.za/favourite/remove/indexd064.html]
[printmyphotosgrahamstown.photofrog.co.za/favourite/remove/indexfcb5.html]
[printmyphotosgrahamstown.photofrog.co.za/favourite/remove/index8665.html]
[printmyphotosgrahamstown.photofrog.co.za/favourite/remove/indexaf14.html]
[printmyphotosgrahamstown.photofrog.co.za/favourite/remove/index001e.html]
[printmyphotosgrahamstown.photofrog.co.za/favourite/remove/indexa098.html]
[printmyphotosgrahamstown.photofrog.co.za/favourite/remove/indexd58f.html]
[printmyphotosgrahamstown.photofrog.co.za/favourite/remove/index1f23.html]
[printmyphotosgrahamstown.photofrog.co.za/favourite/remove/index8265.html]
[printmyphotosgrahamstown.photofrog.co.za/favourite/remove/index4d0b.html]
[printmyphotosgrahamstown.photofrog.co.za/favourite/remove/index009c.html]
[printmyphotosgrahamstown.photofrog.co.za/favourite/remove/index62e8.html]
[printmyphotosgrahamstown.photofrog.co.za/favourite/remove/index52fb.html]
[printmyphotosgrahamstown.photofrog.co.za/favourite/remove/index35f2.html]
[printmyphotosgrahamstown.photofrog.co.za/favourite/remove/indexbf8f.html]
[printmyphotosgrahamstown.photofrog.co.za/favourite/remove/index2c55.html]
[printmyphotosgrahamstown.photofrog.co.za/favourite/remove/index4219.html]
[printmyphotosgrahamstown.photofrog.co.za/favourite/remove/index42ca.html]
[printmyphotosgrahamstown.photofrog.co.za/favourite/remove/indexdfc5.html]
[printmyphotosgrahamstown.photofrog.co.za/favourite/remove/index6e49.html]
[printmyphotosgrahamstown.photofrog.co.za/favourite/remove/index4987.html]
[printmyphotosgrahamstown.photofrog.co.za/favourite/remove/index5931.html]
[printmyphotosgrahamstown.photofrog.co.za/favourite/remove/indexeb36.html]
[printmyphotosgrahamstown.photofrog.co.za/asset/index/container/lwq1zr5w/force/14658.html]
[printmyphotosgrahamstown.photofrog.co.za/status/limit/v90.html]
[printmyphotosgrahamstown.photofrog.co.za/favourite/remove/indexa410.html]
[printmyphotosgrahamstown.photofrog.co.za/favourite/remove/index890f.html]
[printmyphotosgrahamstown.photofrog.co.za/favourite/remove/index1537.html]
[printmyphotosgrahamstown.photofrog.co.za/favourite/remove/index9efc.html]
[printmyphotosgrahamstown.photofrog.co.za/favourite/remove/index9a70.html]
[printmyphotosgrahamstown.photofrog.co.za/favourite/remove/index08d7.html]
[printmyphotosgrahamstown.photofrog.co.za/favourite/remove/index2cae.html]
[printmyphotosgrahamstown.photofrog.co.za/favourite/remove/indexab04.html]
[printmyphotosgrahamstown.photofrog.co.za/favourite/remove/index978a.html]
[printmyphotosgrahamstown.photofrog.co.za/favourite/remove/index849d.html]
[printmyphotosgrahamstown.photofrog.co.za/favourite/remove/indexe49b.html]
[printmyphotosgrahamstown.photofrog.co.za/favourite/remove/indexa111.html]
[printmyphotosgrahamstown.photofrog.co.za/favourite/remove/indexee86.html]
[printmyphotosgrahamstown.photofrog.co.za/favourite/remove/index8f8e.html]
[printmyphotosgrahamstown.photofrog.co.za/favourite/remove/indexe433.html]
[printmyphotosgrahamstown.photofrog.co.za/favourite/remove/indexe9fd.html]
[printmyphotosgrahamstown.photofrog.co.za/favourite/remove/index819f.html]
[printmyphotosgrahamstown.photofrog.co.za/favourite/remove/index00e5.html]
[printmyphotosgrahamstown.photofrog.co.za/favourite/remove/index70b5.html]
[printmyphotosgrahamstown.photofrog.co.za/favourite/remove/index8b1e.html]
[printmyphotosgrahamstown.photofrog.co.za/favourite/remove/indexa1ce.html]
[printmyphotosgrahamstown.photofrog.co.za/favourite/remove/indexaff1.html]
[printmyphotosgrahamstown.photofrog.co.za/favourite/remove/indexf36f.html]
[printmyphotosgrahamstown.photofrog.co.za/favourite/remove/index6f44.html]
[printmyphotosgrahamstown.photofrog.co.za/favourite/remove/indexaaf4.html]
[printmyphotosgrahamstown.photofrog.co.za/favourite/remove/indexc18e.html]
[printmyphotosgrahamstown.photofrog.co.za/favourite/remove/index8310.html]
[printmyphotosgrahamstown.photofrog.co.za/favourite/remove/index7ee2.html]
[printmyphotosgrahamstown.photofrog.co.za/favourite/remove/index3d08.html]
[printmyphotosgrahamstown.photofrog.co.za/favourite/remove/index0076.html]
[printmyphotosgrahamstown.photofrog.co.za/favourite/remove/index15ff.html]
[printmyphotosgrahamstown.photofrog.co.za/favourite/remove/indexbf85.html]
[printmyphotosgrahamstown.photofrog.co.za/favourite/remove/indexa166.html]
[printmyphotosgrahamstown.photofrog.co.za/favourite/remove/index4b0c.html]
[printmyphotosgrahamstown.photofrog.co.za/favourite/remove/index33d3.html]
[printmyphotosgrahamstown.photofrog.co.za/favourite/remove/indexa3fb.html]
[printmyphotosgrahamstown.photofrog.co.za/favourite/remove/index9ce4.html]
[printmyphotosgrahamstown.photofrog.co.za/favourite/remove/index7cfc.html]
[printmyphotosgrahamstown.photofrog.co.za/favourite/remove/indexe3df.html]
[printmyphotosgrahamstown.photofrog.co.za/favourite/remove/index535d.html]
[printmyphotosgrahamstown.photofrog.co.za/favourite/remove/index2d99.html]
[printmyphotosgrahamstown.photofrog.co.za/favourite/remove/indexff03.html]
[printmyphotosgrahamstown.photofrog.co.za/favourite/remove/index9c3c.html]
[printmyphotosgrahamstown.photofrog.co.za/favourite/remove/indexa8bd.html]
[printmyphotosgrahamstown.photofrog.co.za/favourite/remove/index86df.html]
[printmyphotosgrahamstown.photofrog.co.za/favourite/remove/index82f6.html]
[printmyphotosgrahamstown.photofrog.co.za/favourite/remove/index437f.html]
[printmyphotosgrahamstown.photofrog.co.za/favourite/remove/indexb1e8.html]
[printmyphotosgrahamstown.photofrog.co.za/favourite/index/callback/YXNzZXQvaW5kZXgvY29udGFpbmVyLzh3bW44cjlqL2ZvcmNlLzE=.html]
[printmyphotosgrahamstown.photofrog.co.za/favourite/remove/index4add.html]
[printmyphotosgrahamstown.photofrog.co.za/favourite/remove/indexc7d7.html]
[printmyphotosgrahamstown.photofrog.co.za/favourite/remove/index40cd.html]
[printmyphotosgrahamstown.photofrog.co.za/favourite/remove/index2581.html]
[printmyphotosgrahamstown.photofrog.co.za/favourite/remove/index752a.html]
[printmyphotosgrahamstown.photofrog.co.za/favourite/remove/index2b45.html]
[printmyphotosgrahamstown.photofrog.co.za/favourite/remove/indexc200.html]
[printmyphotosgrahamstown.photofrog.co.za/favourite/remove/index9494.html]
[printmyphotosgrahamstown.photofrog.co.za/favourite/remove/index70ae.html]
[printmyphotosgrahamstown.photofrog.co.za/favourite/remove/index1aad.html]
[printmyphotosgrahamstown.photofrog.co.za/favourite/remove/indexfeed.html]
[printmyphotosgrahamstown.photofrog.co.za/favourite/remove/index56cb.html]
[printmyphotosgrahamstown.photofrog.co.za/favourite/remove/index1b32.html]
[printmyphotosgrahamstown.photofrog.co.za/favourite/remove/index5d4c.html]
[printmyphotosgrahamstown.photofrog.co.za/favourite/remove/indexaef0.html]
[printmyphotosgrahamstown.photofrog.co.za/favourite/remove/index13fc.html]
[printmyphotosgrahamstown.photofrog.co.za/favourite/remove/indexa3c5.html]
[printmyphotosgrahamstown.photofrog.co.za/favourite/remove/indexf431.html]
[printmyphotosgrahamstown.photofrog.co.za/favourite/remove/index751c.html]
[printmyphotosgrahamstown.photofrog.co.za/favourite/remove/indexfef9.html]
[printmyphotosgrahamstown.photofrog.co.za/favourite/remove/index08ba.html]
[printmyphotosgrahamstown.photofrog.co.za/favourite/remove/index3eb1.html]
[printmyphotosgrahamstown.photofrog.co.za/favourite/remove/indexf839.html]
[printmyphotosgrahamstown.photofrog.co.za/favourite/remove/index1003.html]
[printmyphotosgrahamstown.photofrog.co.za/favourite/remove/index9bf0.html]
[printmyphotosgrahamstown.photofrog.co.za/favourite/remove/index10f7.html]
[printmyphotosgrahamstown.photofrog.co.za/favourite/remove/indexe3bb.html]
[printmyphotosgrahamstown.photofrog.co.za/favourite/remove/indexd7a9.html]
[printmyphotosgrahamstown.photofrog.co.za/favourite/remove/index48c6.html]
[printmyphotosgrahamstown.photofrog.co.za/favourite/remove/indexd7b2.html]
[printmyphotosgrahamstown.photofrog.co.za/favourite/remove/index67f9.html]
[printmyphotosgrahamstown.photofrog.co.za/favourite/remove/index5e44.html]
[printmyphotosgrahamstown.photofrog.co.za/favourite/remove/indexf7ff.html]
[printmyphotosgrahamstown.photofrog.co.za/favourite/remove/indexefd5.html]
[printmyphotosgrahamstown.photofrog.co.za/favourite/remove/index7fea.html]
[printmyphotosgrahamstown.photofrog.co.za/favourite/remove/index421c.html]
[printmyphotosgrahamstown.photofrog.co.za/favourite/remove/indexd2f1.html]
[printmyphotosgrahamstown.photofrog.co.za/favourite/remove/indexcaff.html]
[printmyphotosgrahamstown.photofrog.co.za/favourite/remove/index0856.html]
[printmyphotosgrahamstown.photofrog.co.za/favourite/remove/indexe2d9.html]
[printmyphotosgrahamstown.photofrog.co.za/favourite/remove/index78e9.html]
[printmyphotosgrahamstown.photofrog.co.za/favourite/remove/index83c0.html]
[printmyphotosgrahamstown.photofrog.co.za/favourite/remove/index19b8.html]
[printmyphotosgrahamstown.photofrog.co.za/favourite/remove/index2876.html]
[printmyphotosgrahamstown.photofrog.co.za/favourite/remove/index9d96.html]
[printmyphotosgrahamstown.photofrog.co.za/favourite/remove/index3d60.html]
[printmyphotosgrahamstown.photofrog.co.za/favourite/remove/indexdba5.html]
[printmyphotosgrahamstown.photofrog.co.za/favourite/remove/indexe270.html]
[printmyphotosgrahamstown.photofrog.co.za/asset/index/container/8wmn8r9j/force/14658.html]
[printmyphotosgrahamstown.photofrog.co.za/asset/index/container/8wmn8r9j/force/19ba9.html]
[printmyphotosgrahamstown.photofrog.co.za/favourite/index/callback/YXNzZXQvaW5kZXgvY29udGFpbmVyL3lqa3E3eDZqL2ZvcmNlLzE=.html]
[printmyphotosgrahamstown.photofrog.co.za/favourite/remove/index4740.html]
[printmyphotosgrahamstown.photofrog.co.za/favourite/remove/indexc68b.html]
[printmyphotosgrahamstown.photofrog.co.za/favourite/remove/index891d.html]
[printmyphotosgrahamstown.photofrog.co.za/favourite/remove/indexee65.html]
[printmyphotosgrahamstown.photofrog.co.za/favourite/remove/indexa52d.html]
[printmyphotosgrahamstown.photofrog.co.za/favourite/remove/index7e8c.html]
[printmyphotosgrahamstown.photofrog.co.za/favourite/remove/index79fc.html]
[printmyphotosgrahamstown.photofrog.co.za/favourite/remove/indexbc39.html]
[printmyphotosgrahamstown.photofrog.co.za/favourite/remove/indexae96.html]
[printmyphotosgrahamstown.photofrog.co.za/favourite/remove/index2622.html]
[printmyphotosgrahamstown.photofrog.co.za/favourite/remove/index876e.html]
[printmyphotosgrahamstown.photofrog.co.za/favourite/remove/index49c1.html]
[printmyphotosgrahamstown.photofrog.co.za/favourite/remove/index33ab.html]
[printmyphotosgrahamstown.photofrog.co.za/favourite/index/callback/YXNzZXQvaW5kZXgvY29udGFpbmVyL3l3bjg1OG13L2ZvcmNlLzE=.html]
[printmyphotosgrahamstown.photofrog.co.za/favourite/remove/indexcd5b.html]
